// Jest Snapshot v1, https://goo.gl/fbAQLP

exports[`Tests for TextInputScreen should render overall 1`] = `[Function]`;
